---
source: pgtrickle-tui/src/views/mod.rs
expression: output
---
┌ Alerts (1) ──────────────────────────────────────────────────────────────────┐
│Sev  Time       Event                    Table                    Detail      │
│                                                                              │
│⚠    12:00:00   stale_data               public.orders_live       staleness_se│
│                                                                              │
│                                                                              │
│                                                                              │
│                                                                              │
│                                                                              │
│                                                                              │
│                                                                              │
│                                                                              │
│                                                                              │
│                                                                              │
│                                                                              │
│                                                                              │
│                                                                              │
│                                                                              │
│                                                                              │
│                                                                              │
│                                                                              │
│                                                                              │
│                                                                              │
└──────────────────────────────────────────────────────────────────────────────┘
